I'm sorry, but errors were detected in your script. Please correct the
errors listed below, and try again.


File "game/script.rpy", line 234: keyword argument 'ypos' is incompatible with 'align'.
    ypos 1200
        ^

Ren'Py Version: Ren'Py 8.3.7.25031702
Thu May 22 02:01:36 2025
